<?xml version='1.0' encoding='UTF-8'?>
<urlset xmlns='http://www.sitemaps.org/schemas/sitemap/0.9'>
	<url>
		<loc>http://anotherdomain.net/</loc>
		<changefreq>monthly</changefreq>
		<priority>0.9</priority>
		<lastmod>2015-04-08T15:42:29.000Z</lastmod>
	</url>
	<url>
		<loc>http://anotherdomain.net/other-doc.html</loc>
		<changefreq>daily</changefreq>
		<priority>1.0</priority>
		<lastmod>2015-04-03T12:18:19.000Z</lastmod>
	</url>
	<url>
		<loc>http://anotherdomain.net/subsubdir/other-doc.html</loc>
		<changefreq>weekly</changefreq>
		<priority>0.8</priority>
		<lastmod>2015-04-08T15:42:54.000Z</lastmod>
	</url>
	<url>
		<loc>http://anotherdomain.net/subsubdir/</loc>
		<changefreq>yearly</changefreq>
		<priority>0.7</priority>
		<lastmod>2015-04-08T15:43:04.000Z</lastmod>
	</url>
</urlset>