<?xml version='1.0' encoding='UTF-8'?>
<urlset xmlns='http://www.sitemaps.org/schemas/sitemap/0.9'>
	<url>
		<loc>http://mydomain.com/test/fixtures/test-document-1.html</loc>
		<changefreq>daily</changefreq>
		<priority>1.0</priority>
		<lastmod>2020-07-24T15:01:54.683Z</lastmod>
	</url>
	<url>
		<loc>http://mydomain.com/test/fixtures/test-document-2.html</loc>
		<changefreq>weekly</changefreq>
		<priority>0.5</priority>
		<lastmod>2020-07-24T15:01:50.461Z</lastmod>
	</url>
	<url>
		<loc>http://mydomain.com/test/fixtures/test-document-4.html</loc>
		<changefreq>monthly</changefreq>
		<priority>0.1</priority>
		<lastmod>2020-07-24T15:01:40.454Z</lastmod>
	</url>
</urlset>